import torch
import functorch

batch_size, feature_size = 3, 5
weights = torch.randn(feature_size, requires_grad=True)

def model(feature_vec):
    # Very simple linear model with activation
    return feature_vec.dot(weights).relu()

examples = torch.randn(batch_size, feature_size)
result = torch.func.vmap(examples)
print(result)

# Non-runnable, just to check name changes.
def f():
    torch.func.vmap()
    torch.func.grad()
    torch.func.vjp()
    torch.func.jvp()
    torch.func.jacrev()
    torch.func.jacfwd()
    torch.func.hessian()
    torch.func.functionalize()
