import torchvision
import random
from torchvision.models.segmentation import DeepLabV3_ResNet50_Weights, deeplabv3_resnet50
from torchvision.models import MobileNet_V3_Large_Weights, ResNet50_Weights
from torchvision.models.detection import SSDLite320_MobileNet_V3_Large_Weights

torchvision.models.resnet50(weights=ResNet50_Weights.IMAGENET1K_V1)
torchvision.models.resnet50(weights=ResNet50_Weights.IMAGENET1K_V1)
torchvision.models.resnet50(weights=None)
torchvision.models.resnet50(weights=None)

torchvision.models.segmentation.deeplabv3_resnet50(weights=DeepLabV3_ResNet50_Weights.COCO_WITH_VOC_LABELS_V1)
torchvision.models.segmentation.deeplabv3_resnet50(weights=DeepLabV3_ResNet50_Weights.COCO_WITH_VOC_LABELS_V1)
deeplabv3_resnet50(weights=DeepLabV3_ResNet50_Weights.COCO_WITH_VOC_LABELS_V1)
deeplabv3_resnet50(weights=DeepLabV3_ResNet50_Weights.COCO_WITH_VOC_LABELS_V1)

torchvision.models.detection.ssdlite320_mobilenet_v3_large(weights=SSDLite320_MobileNet_V3_Large_Weights.COCO_V1, weights_backbone=MobileNet_V3_Large_Weights.IMAGENET1K_V1)
torchvision.models.detection.ssdlite320_mobilenet_v3_large(weights_backbone=MobileNet_V3_Large_Weights.IMAGENET1K_V1)

pretrained = random.choice([False, True])
# can't codemod
torchvision.models.resnet50(pretrained=pretrained)
