---
source: tests/integration_test.rs
expression: "std::str::from_utf8(&output.stderr)?.lines().collect::<Vec<_>>()"

---
- "error:        Config file '/tmp/<temp-config>' had invalid schema"
- "caused_by:             missing field `linter` at line 1 column 1"

