---
source: tests/integration_test.rs
expression: "std::str::from_utf8(&output.stderr)?.lines().collect::<Vec<_>>()"

---
- "error:        Failed to lint provided file: 'blahblahblah'"
- "caused_by:             No such file or directory (os error 2)"

